
admin@J6350D> request support information |no-more 


root@J6350D> show system uptime no-forwarding

Current time: 2009-02-13 14:03:39 UTC
System booted: 2009-02-09 12:46:04 UTC (4d 01:17 ago)
Protocols started: 2009-02-09 12:46:45 UTC (4d 01:16 ago)
Last configured: 2009-02-13 12:45:18 UTC (01:18:21 ago) by admin
 2:03PM  up 4 days,  1:18, 1 user, load averages: 0.06, 0.10, 0.03


root@J6350D> show version detail no-forwarding

Hostname: J6350D
Model: j6350
JUNOS Software Release [9.3R2.8]
KERNEL 9.3R2.8 #0 built by builder on 2008-12-17 23:24:14 UTC
MGD release 9.3R2.8 built by builder on 2008-12-17 23:36:32 UTC
CLI release 9.3R2.8 built by builder on 2008-12-17 23:10:43 UTC
RPD release 9.3R2.8 built by builder on 2008-12-17 23:34:33 UTC
CHASSISD release 9.3R2.8 built by builder on 2008-12-17 23:31:37 UTC
KMD release 9.3R2.8 built by builder on 2008-12-17 23:30:15 UTC
SENDD release 9.3R2.8 built by builder on 2008-12-17 23:35:50 UTC
DFWD release 9.3R2.8 built by builder on 2008-12-17 23:31:46 UTC
UNKNOWN release 9.3R2.8 built by builder on 2008-12-17 23:08:03 UTC
SNMPD release 9.3R2.8 built by builder on 2008-12-17 23:34:39 UTC
MIB2D release 9.3R2.8 built by builder on 2008-12-17 23:37:06 UTC
VRRPD release 9.3R2.8 built by builder on 2008-12-17 23:35:16 UTC
ALARMD release 9.3R2.8 built by builder on 2008-12-17 23:31:25 UTC
PFED release 9.3R2.8 built by builder on 2008-12-17 23:32:59 UTC
CRAFTD release 9.3R2.8 built by builder on 2008-12-17 23:31:39 UTC
SAMPLED release 9.3R2.8 built by builder on 2008-12-17 23:34:36 UTC
RMOPD release 9.3R2.8 built by builder on 2008-12-17 23:34:29 UTC
COSD release 9.3R2.8 built by builder on 2008-12-17 23:31:38 UTC
FUD release 9.3R2.8 built by builder on 2008-12-17 23:32:06 UTC
SPD release 9.3R2.8 built by builder on 2008-12-17 23:29:57 UTC
HTTPD-GK release 9.3R2.8 built by builder on 2008-12-17 23:36:28 UTC
DHCPD release 9.3R2.8 built by builder on 2008-12-17 23:29:32 UTC
PPPOED release 9.3R2.8 built by builder on 2008-12-17 23:34:10 UTC
PPPD release 9.3R2.8 built by builder on 2008-12-17 23:33:12 UTC
DFCD release 9.3R2.8 built by builder on 2008-12-17 23:31:42 UTC
FWDD release 9.3R2.8 built by builder on 2008-12-17 23:59:18 UTC
USBD release 9.3R2.8 built by builder on 2008-12-17 23:02:10 UTC
JDHCPD release 9.3R2.8 built by builder on 2008-12-17 23:32:12 UTC
AUTHD release 9.3R2.8 built by builder on 2008-12-17 23:35:33 UTC
DIAMETERD release 9.3R2.8 built by builder on 2008-12-17 23:32:13 UTC
BDBREPD release 9.3R2.8 built by builder on 2008-12-17 23:31:34 UTC
RES-CLEANUPD release 9.3R2.8 built by builder on 2008-12-17 23:34:28 UTC
DOOD release 9.3R2.8 built by builder on 2008-12-17 23:50:44 UTC
ISDND release 9.3R2.8 built by builder on 2008-12-17 23:49:19 UTC
TGMD release 9.3R2.8 built by builder on 2008-12-17 23:49:31 UTC
AUTOD release 9.3R2.8 built by builder on 2008-12-17 23:50:42 UTC
DLSWD release 9.3R2.8 built by builder on 2008-12-17 23:49:16 UTC
PPMD release 9.3R2.8 built by builder on 2008-12-17 23:33:08 UTC
PGMD release 9.3R2.8 built by builder on 2008-12-17 23:33:02 UTC
BFDD release 9.3R2.8 built by builder on 2008-12-17 23:36:40 UTC
SDXD release 9.3R2.8 built by builder on 2008-12-17 23:35:45 UTC
AUDITD release 9.3R2.8 built by builder on 2008-12-17 23:31:26 UTC
EVENTD release 9.3R2.8 built by builder on 2008-12-17 23:31:53 UTC
MPLSOAMD release 9.3R2.8 built by builder on 2008-12-17 23:32:48 UTC
jroute-dd release 9.3R2.8 built by builder on 2008-12-17 23:01:49 UTC
jkernel-dd release 9.3R2.8 built by builder on 2008-12-17 23:01:25 UTC
aprobe-dd release 9.3R2.8 built by builder on 2008-12-17 23:00:58 UTC
cfm-dd release 9.3R2.8 built by builder on 2008-12-17 23:01:01 UTC
collector-dd release 9.3R2.8 built by builder on 2008-12-17 23:01:03 UTC
jcrypto-dd release 9.3R2.8 built by builder on 2008-12-17 23:01:07 UTC
jcrypto_junos-dd release 9.3R2.8 built by builder on 2008-12-17 23:01:09 UTC
jkernel_junos-dd release 9.3R2.8 built by builder on 2008-12-17 23:01:45 UTC
mcsnoop-dd release 9.3R2.8 built by builder on 2008-12-17 23:02:17 UTC
mo-dd release 9.3R2.8 built by builder on 2008-12-17 23:02:19 UTC
pppd-dd release 9.3R2.8 built by builder on 2008-12-17 23:02:21 UTC
pppoed-dd release 9.3R2.8 built by builder on 2008-12-17 23:02:22 UTC
rdd-dd release 9.3R2.8 built by builder on 2008-12-17 23:02:23 UTC
services-dd release 9.3R2.8 built by builder on 2008-12-17 23:02:25 UTC
stp-dd release 9.3R2.8 built by builder on 2008-12-17 23:02:34 UTC
jdocs-dd release 9.3R2.8 built by builder on 2008-12-17 21:47:22 UTC
jkernel_jseries-dd release 9.3R2.8 built by builder on 2008-12-17 23:43:27 UTC


root@J6350D> show system core-dumps no-forwarding

/var/crash/*core*: No such file or directory
/var/tmp/*core*: No such file or directory
/var/crash/kernel.*: No such file or directory
/tftpboot/corefiles/*core*: No such file or directory


root@J6350D> show chassis alarms no-forwarding

1 alarms currently active
Alarm time               Class  Description
2009-02-09 12:47:08 UTC  Major  PEM 1 Input Failure


root@J6350D> show chassis hardware detail no-forwarding

Hardware inventory:
Item             Version  Part number  Serial number     Description
Chassis                                JN10917CBADB      J6350
Midplane         REV 03   710-014593   NK0257
System IO        REV 01   710-016210   NK0774            JX350 System IO
Crypto Module                                            Crypto Acceleration
Routing Engine   REV 08   710-015273   NJ9834            RE-J6350-3400
  ad0     977 MB  SanDisk SDCFJ-1024   004103D1208D4005  Compact Flash
FPC 0                                                    FPC
  PIC 0                                                  4x GE Base PIC
FPC 1            REV 06   750-010913   AV05301081        FPC
  PIC 0                                                  4x BRI S/T
FPC 5            REV 08   750-011230   AR05428797        FPC
  PIC 0                                                  1x ADSL Annex A
Power Supply 0
Power Supply 1


root@J6350D> show system processes extensive no-forwarding

last pid:  7837;  load averages:  0.06,  0.10,  0.03  up 4+01:18:05    14:03:39
89 processes:  4 running, 67 sleeping, 18 waiting

Mem: 67M Active, 124M Inact, 361M Wired, 82M Cache, 69M Buf, 360M Free
Swap:


  PID USERNAME  THR PRI NICE   SIZE    RES STATE    TIME   WCPU COMMAND
   11 root        1 171   52     0K    12K RUN     90.1H 93.99% idle
 4288 root        1  96    0   489M   330M RUN    417:18  4.00% fwdd
   13 root        1 -20 -139     0K    12K WAIT     5:55  0.00% swi7: clock sio
 4277 root        1  96    0 20744K 14096K select   0:54  0.00% chassisd
 4200 root        1  20    0     0K    12K rtl_gp   0:35  0.00% rtl_alloc
 4294 root        1   4    0 17284K 14348K kqread   0:34  0.00% rpd
 4289 root        1  96    0  2108K   960K select   0:31  0.00% license-check
 4279 root        1  96    0  4704K  2428K select   0:23  0.00% craftd
 4275 root        1  96    0  1532K   960K select   0:22  0.00% bslockd
 4278 root        1  96    0  3232K  2776K select   0:17  0.00% alarmd
 4287 root        1  96    0  5392K  4804K select   0:14  0.00% bfdd
   21 root        1 -68 -187     0K    12K WAIT     0:13  0.00% irq5: uhci0 uhci0*
 4199 root        1 -48 -167     0K    12K WAIT     0:12  0.00% swi0: +
   12 root        1 -40 -159     0K    12K WAIT     0:12  0.00% swi2: net
 4304 root        1  96    0  7092K  5812K select   0:12  0.00% pfed
 4285 root        1  96    0  3732K  2520K select   0:12  0.00% ppmd
 4306 root        1  96    0 12768K 11636K select   0:10  0.00% snmpd
   35 root        1 -16    0     0K    12K psleep   0:10  0.00% vmkmemdaemon
 4307 root        1  96    0  7144K  5724K select   0:10  0.00% dcd
   44 root        1 -16    0     0K    12K -        0:08  0.00% schedcpu
   45 root        1  -8    0     0K    12K mdwait   0:06  0.00% md0
   15 root        1 -16    0     0K    12K -        0:05  0.00% yarrow
    3 root        1  -8    0     0K    12K -        0:05  0.00% g_up
    4 root        1  -8    0     0K    12K -        0:05  0.00% g_down
    2 root        1  -8    0     0K    12K -        0:04  0.00% g_event
   22 root        1   8    0     0K    12K usbevt   0:04  0.00% usb0
 4305 root        1  96    0  8408K  7964K select   0:03  0.00% mib2d
   32 root        1  20    0     0K    12K syncer   0:03  0.00% syncer
 4296 root        1  96    0  7644K  6336K select   0:02  0.00% cosd
   33 root        1 -16    0     0K    12K sdflus   0:02  0.00% softdepflush
 4274 root        1  96    0  1336K   628K select   0:02  0.00% watchdog
 7516 root        1  96    0  1728K  1296K select   0:01  0.00% telnetd
 4309 root        1   4    0     0K    12K peer_s   0:01  0.00% peer proxy
    9 root        1 -16    0     0K    12K psleep   0:01  0.00% bufdaemon
 7518 admin       1  96    0 13220K  8584K select   0:01  0.00% cli
    8 root        1 171   52     0K    12K pgzero   0:01  0.00% pagezero
   39 root        1 -16    0     0K    12K psleep   0:01  0.00% vmuncachedaemon
 4112 root        1  97    0  2588K  2148K select   0:01  0.00% eventd
   31 root        1  -4    0     0K    12K vlruwt   0:00  0.00% vnlru
 4303 root        1  96    0  6256K  4988K select   0:00  0.00% dfwd
 4280 root        1  96    0 21712K 19328K select   0:00  0.00% mgd
 7519 root        1  96    0 29008K 26876K select   0:00  0.00% mgd
 4205 root        1   8    0  1464K  1064K nanslp   0:00  0.00% cron
 4290 root        1   8    0  1484K   904K nanslp   0:00  0.00% getty
    7 root        1 -16    0     0K    12K psleep   0:00  0.00% pagedaemon
    1 root        1   8    0  1152K   820K wait     0:00  0.00% init
 4099 root        1  96    0  1408K   848K select   0:00  0.00% usbd
   24 root        1 -64 -183     0K    12K WAIT     0:00  0.00% irq14: ata0
 4295 root        1 111   15  4924K  4428K select   0:00  0.00% sampled
 7806 root        1  98    0 21760K 19596K select   0:00  0.00% mgd
   36 root        1   4    0     0K    12K pfeacc   0:00  0.00% if_pfe_listen
 4316 root        1   4    0     0K    12K peer_s   0:00  0.00% peer proxy
   92 root        1  -8    0     0K    12K mdwait   0:00  0.00% md1
 7805 root        1 102    0 13192K  8352K RUN      0:00  0.00% cli
 4299 root        1  96    0  3360K  1972K select   0:00  0.00% mplsoamd
 4283 root        1  96    0  2308K  1240K select   0:00  0.00% inetd
 7727 nobody      1  96    0  4768K  3908K select   0:00  0.00% httpd
 4298 root        1  96    0  3476K  3012K select   0:00  0.00% pppd
 4301 root        1  96    0  4432K  3132K select   0:00  0.00% httpd-gk
 4300 root        1  96    0  4656K  3928K select   0:00  0.00% sendd
 4315 root        1   4    0     0K    12K peer_s   0:00  0.00% peer proxy
 7517 root        1   8    0  1696K  1244K wait     0:00  0.00% login
 7801 root        1   8    0  1800K  1248K wait     0:00  0.00% sh
 7837 root        1  98    0 22072K  1464K RUN      0:00  0.00% top
 4291 root        1   5    0  1488K   932K ttyin    0:00  0.00% getty
   27 root        1 -48 -167     0K    12K WAIT     0:00  0.00% swi0: sio
    0 root        1 -16    0     0K     0K WAIT     0:00  0.00% swapper
    5 root        1   8    0     0K    12K -        0:00  0.00% kqueue taskq
   38 root        1   4    0     0K    12K pfeacc   0:00  0.00% if_pic_listen
   37 root        1   4    0     0K    12K dump_r   0:00  0.00% kern_dump_proc
   34 root        1  98    0     0K    12K sleep    0:00  0.00% netdaemon
   40 root        1   8    0     0K    12K -        0:00  0.00% nfsiod 0
    6 root        1   8    0     0K    12K -        0:00  0.00% thread taskq
   41 root        1   8    0     0K    12K -        0:00  0.00% nfsiod 1
   42 root        1   8    0     0K    12K -        0:00  0.00% nfsiod 2
   23 root        1   8    0     0K    12K usbtsk   0:00  0.00% usbtask
   43 root        1   8    0     0K    12K -        0:00  0.00% nfsiod 3
   10 root        1 -16    0     0K    12K ktrace   0:00  0.00% ktrace
   18 root        1 -12 -131     0K    12K WAIT     0:00  0.00% swi9: task queue
   19 root        1 -12 -131     0K    12K WAIT     0:00  0.00% swi9: +
   16 root        1 -16 -135     0K    12K WAIT     0:00  0.00% swi8: +
   14 root        1 -24 -143     0K    12K WAIT     0:00  0.00% swi6: vm
   17 root        1 -28 -147     0K    12K WAIT     0:00  0.00% swi5: cambio
   29 root        1 -32 -151     0K    12K WAIT     0:00  0.00% swi4: ip6mismatch+
   28 root        1 -36 -155     0K    12K WAIT     0:00  0.00% swi3: ip6opt ipopt
   30 root        1 -44 -163     0K    12K WAIT     0:00  0.00% swi1: ipfwd
   20 root        1 -52 -171     0K    12K WAIT     0:00  0.00% irq11: isab0
   26 root        1 -60 -179     0K    12K WAIT     0:00  0.00% irq1: atkbd0
   25 root        1 -64 -183     0K    12K WAIT     0:00  0.00% irq15: ata1



root@J6350D> show pfe statistics error




root@J6350D> show chassis routing-engine no-forwarding

Routing Engine status:
    Temperature                 25 degrees C / 77 degrees F
    CPU temperature             47 degrees C / 116 degrees F
    DRAM                      1024 MB
    Memory utilization          56 percent
    CPU utilization:
      User                       1 percent
      Real-time threads         11 percent
      Kernel                     6 percent
      Idle                      82 percent
    Model                          RE-J6350-3400
    Serial ID                      NJ9834
    Start time                     2009-02-09 12:46:04 UTC
    Uptime                         4 days, 1 hour, 17 minutes, 30 seconds
    Last reboot reason             0x10:misc hardware reason
    Load averages:                 1 minute   5 minute  15 minute
                                       0.07       0.10       0.03


root@J6350D> show chassis environment no-forwarding

Class Item                           Status     Measurement
Temp  Routing Engine                 OK         25 degrees C / 77 degrees F
Fans  Jseries CPU fan                OK         Spinning at normal speed
      Jseries Chassis fan 0          OK         Spinning at normal speed
      Jseries chassis fan 1          OK         Spinning at high speed
Power Power Supply 0                 OK
      Power Supply 1                 Failed


root@J6350D> show chassis firmware no-forwarding

Part                     Type       Version
FPC 0                    O/S        Version 9.3R2.8 by builder on 2008-12-17 23
FPC 1                    ROM        Juniper ROM Monitor Version 6.4b10
                         O/S        Version 9.3R2.8 by builder on 2008-12-17 21
FPC 5                    ROM        Juniper ROM Monitor Version 6.4b10
                         O/S        Version 9.3R2.8 by builder on 2008-12-17 21
FWDD                     O/S        Version 9.3R2.8 by builder on 2008-12-17 23


root@J6350D> show chassis fpc detail

Slot 0 information:
  State                               Online
  Total CPU DRAM                      ---- CPU less FPC ----
  Start time                          2009-02-09 12:47:06 UTC
  Uptime                              4 days, 1 hour, 16 minutes, 32 seconds
Slot 1 information:
  State                               Online
  Total CPU DRAM                   32 MB
  Start time                          2009-02-09 12:47:14 UTC
  Uptime                              4 days, 1 hour, 16 minutes, 24 seconds
Slot 5 information:
  State                               Online
  Total CPU DRAM                   32 MB
  Start time                          2009-02-09 12:47:16 UTC
  Uptime                              4 days, 1 hour, 16 minutes, 22 seconds


root@J6350D> show system boot-messages  no-forwarding

Copyright (c) 1996-2008, Juniper Networks, Inc.
All rights reserved.
Copyright (c) 1992-2006 The FreeBSD Project.
Copyright (c) 1979, 1980, 1983, 1986, 1988, 1989, 1991, 1992, 1993, 1994
        The Regents of the University of California. All rights reserved.
JUNOS 9.3R2.8 #0: 2008-12-17 23:24:14 UTC
    builder@elliath.juniper.net:/volume/build/junos/9.3/release/9.3R2.8/obj-i386/sys/compile/JSERIES
can't re-use a leaf (linklocal_hint)!
Timecounter "i8254" frequency 1193182 Hz quality 0
CPU: Intel(R) Pentium(R) 4 CPU 3.40GHz (3400.15-MHz 686-class CPU)
  Origin = "GenuineIntel"  Id = 0xf41  Stepping = 1
  Features=0xbfebfbff<FPU,VME,DE,PSE,TSC,MSR,PAE,MCE,CX8,APIC,SEP,MTRR,PGE,MCA,CMOV,PAT,PSE36,CLFLUSH,DTS,ACPI,MMX,FXSR,SSE,SSE2,SS,HTT,TM,PBE>
  Features2=0x641d<SSE3,RSVD2,MON,DS_CPL,CNTX-ID,CX16,<b14>>
  AMD Features=0x20100000<NX,LM>
real memory  = 1073741824 (1024 MB)
avail memory = 703148032 (670 MB)
cpu0 on motherboard
pcib0: <Intel E7221 Memory Controller Hub (MCH) for DDR2> pcibus 0 on motherboard
pci0: <PCI bus> on pcib0
pcib1: <PCI-PCI bridge> irq 10 at device 1.0 on pci0
pci1: <PCI bus> on pcib1
pcib2: <PCI-PCI bridge> at device 0.0 on pci1
pci2: <PCI bus> on pcib2
mykc0: <Generic SysKonnect SK-9Sxx 10/100/1000Base-T Server Adapter Ver. 8.14.9.3> port 0xc800-0xc8ff mem 0xfbffc000-0xfbffffff irq 11 at device 2.0 on pci2
fxp0 on mykc0
fxp1 on mykc0
pci2: <network, ethernet> at device 3.0 (no driver attached)
pci1: <base peripheral, interrupt controller> at device 0.1 (no driver attached)
pcib3: <PCI-PCI bridge> at device 0.2 on pci1
pci3: <PCI bus> on pcib3
pci3: <encrypt/decrypt, entertainment crypto> at device 1.0 (no driver attached)
pci1: <base peripheral, interrupt controller> at device 0.3 (no driver attached)
uhci0: <Intel 82801FB/FR/FW/FRW (ICH6) USB controller USB-A> port 0xbc00-0xbc1f irq 5 at device 29.0 on pci0
usb0: <Intel 82801FB/FR/FW/FRW (ICH6) USB controller USB-A> on uhci0
usb0: USB revision 1.0
uhub0: Intel UHCI root hub, class 9/0, rev 1.00/1.00, addr 1
uhub0: 2 ports with 2 removable, self powered
pcib4: <PCI-PCI bridge> at device 30.0 on pci0
pci4: <PCI bus> on pcib4
pcib5: <PCI-PCI bridge> at device 1.0 on pci4
pci5: <PCI bus> on pcib5
pci5: <processor> at device 10.0 (no driver attached)
pci5: <processor> at device 11.0 (no driver attached)
isab0: <PCI-ISA bridge> at device 31.0 on pci0
isa0: <ISA bus> on isab0
atapci0: <Intel ICH6 SATA150 controller> port 0x1f0-0x1f7,0x3f6,0x170-0x177,0x376,0xffa0-0xffaf at device 31.2 on pci0
atapci0: failed to enable memory mapping!
ata0: <ATA channel 0> on atapci0
ata1: <ATA channel 1> on atapci0
ichsmb0: <Intel 82801FB (ICH6) SMBus controller> port 0x800-0x81f irq 5 at device 31.3 on pci0
atkbdc0: <Keyboard controller (i8042)> at port 0x60,0x64 on isa0
atkbd0: <AT Keyboard> irq 1 on atkbdc0
sio0: configured irq 4 not in bitmap of probed irqs 0
sio0: port may not be enabled
sio0 at port 0x3f8-0x3ff irq 4 flags 0x90 on isa0
sio0: type 16550A, console
sio1: configured irq 5 not in bitmap of probed irqs 0
sio1: port may not be enabled
sio2: configured irq 3 not in bitmap of probed irqs 0
sio2: port may not be enabled
sio2 at port 0x2f8-0x2ff irq 3 on isa0
sio2: type 16550A
sio3: configured irq 7 not in bitmap of probed irqs 0
sio3: port may not be enabled
fxp0: detached
fxp1: detached
Timecounter "TSC" frequency 3400145316 Hz quality 800
Timecounters tick every 1.000 msec
IPsec: Initialized Security Association Processing.
ad0: Device does not support APM
ad0: 977MB <SanDisk SDCFJ-1024 HDX 4.32> at ata0-master WDMA2
Trying to create bootdev, rootpartition ad0s1a
Trying to mount root from ufs:/dev/ad0s1a


root@J6350D> show system storage no-forwarding

Filesystem              Size       Used      Avail  Capacity   Mounted on
/dev/ad0s1a             851M       417M       425M       49%  /
devfs                   1.0K       1.0K         0B      100%  /dev
devfs                   1.0K       1.0K         0B      100%  /dev/
/dev/md0                214M       214M         0B      100%  /junos
/cf                     851M       417M       425M       49%  /junos/cf
devfs                   1.0K       1.0K         0B      100%  /junos/dev/
procfs                  4.0K       4.0K         0B      100%  /proc
/dev/bo0s1e              95M      10.0K        94M        0%  /config
/dev/md1                168M       8.6M       146M        6%  /mfs
/cf/var/jail            851M       417M       425M       49%  /jail/var
devfs                   1.0K       1.0K         0B      100%  /jail/dev


root@J6350D> show system virtual-memory no-forwarding

         Type InUse MemUse HighUse Requests  Size(s)
         cdev    24     3K       -       24  256
      CAM SIM     1     1K       -        1  64
      CAM XPT     6     1K       -        9  16,64,8192
    file desc   103    26K       -     7984  16,1024,2048,8192
        sigio     1     1K       -        8  32
         kenv    16     5K       -       16  16,32,64,65536
       kqueue     5     3K       -       74  1024,2048,16384
    proc-args    38     2K       -     4201  32,64,128,256,512,1024,2048
       zombie     0     0K       -     7754  128
      ithread    70     5K       -       71  16,64,256
   CAM periph     1     1K       -        1  128
       KTRACE   100    10K       -      100  128
      entropy  1024    64K       -     1024  64
          USB    16     2K       -       16  16,32,64,128,256,2048
       linker   209  2112K       -      466  16,32,64,2048,16384,65536
       USBdev     1     1K       -        4  128,8192
        lockf    25     2K       -   206524  64
       devbuf   315   819K       -      359  16,32,64,128,512,1024,2048,16384,32768,65536
         temp  1242  1021K       -    36882  16,32,64,128,256,512,2048,8192,16384,32768,65536
      iftable    10     3K       -       10  16,2048
    iflogical    15     4K       -       37  2048,8192
     iffamily    21     4K       -       42  1024,2048
    rtnexthop   125    16K       -      250  32,256,512,1024,2048,4096
      metrics     1     1K       -        8  256
    inifmulti     2     1K       -        4  64
    ingrentry     4     1K       -        8  64
        rnode    64     3K       -      206  16,32,64,2048
       rcache     4     8K       -        4  32768
     ifdevice    11     7K       -       13  16,16384
       ifstat    77    69K       -       89  1024,8192,32768
         ipfw    32    22K       -       43  16,32,64,128,256,512,8192,16384,32768,65536
      ifmaddr    22     1K       -       40  16,32
       rtable   115    13K       -      278  16,32,64,128,1024,8192
       sysctl     0     0K       -       25  2048,16384,65536
       ifaddr    20     2K       -       54  64
         mkey   196     4K       -   319319  16,128
      pfe_ipc     0     0K       -    53066  16,32,64,128,256,512,1024,2048,8192,16384,32768,65536
      ifstate   469    40K       -     1426  16,32,64,128,256,512,1024,2048,4096,16384
     itable16   212    31K       -      215  256,2048
     itable32   143     5K       -      143  32
           lr     1     1K       -        1  8192
    ifservice     1     1K       -        1  32
          pic     8     1K       -        8  32,64,128,512
      pfestat     0     0K       -    83205  16,32,128,8192
       gencfg   148    22K       -     1329  16,32,64,128,256,2048,16384,32768,65536
          idl     0     0K       -       37  32,64,128,2048,65536
       rtsmsg     0     0K       -        2  65536
       DEVFS2   127     2K       -      184  16
       module   193    13K       -      193  64
     mtx_pool     1     8K       -        1
       DEVFS3   262    29K       -      263  256
       DEVFS1   127    32K       -      127  2048
         pgrp     8     1K       -      183  64
      session     8     1K       -      183  512
         proc     2     1K       -        2  512
      subproc   202   385K       -     7956  2048,65536
         cred    31     4K       -    19065  256
       plimit    12     3K       -     2125  2048
      uidinfo     4     1K       -       32  32
       sysctl     0     0K       -  1520283  16,32,64
    sysctloid  1172    35K       -     1222  16,32,64
    sysctltmp     0     0K       -   770997  16,32,64,128,256,1024
         umtx   126     8K       -      126  64
          bus   486    68K       -     1341  16,32,64,128,16384
       bus-sc    23    22K       -      301  16,64,512,1024,2048,8192,16384,32768,65536
      devstat     4     9K       -        4  16,65536
 eventhandler    34     2K       -       34  32,128
         kobj    66   132K       -       82  32768
      mbpools     0     0K       -        1
        DEVFS    26     1K       -       27  16,64
         rman    69     5K       -      470  16,32,64
         sbuf     0     0K       -      402  16,32,64,512,2048,8192,16384,32768,65536
  NULLFS hash     1     1K       -        1  64
    taskqueue     5     1K       -        5  64
   turnstiles   127     8K       -      127  64
       Unitno     6     1K       -        8  16,64
     ioctlops     0     0K       -  4690437  16,32,64,128,8192,32768,65536
          iov     0     0K       -   633018  16,64,128
          msg     4    25K       -        4  16384,65536
          sem     4     7K       -        4  8192,16384,65536
          shm     1    12K       -        1
         ttys   194    29K       -     1241  512,16384
         ptys     2     1K       -        2  128
       soname    63     6K       -   781201  16,32,64,256
          pcb   142    19K       -      470  16,32,64,128,512,2048,16384,32768
   BIO buffer    58   109K       -      466  16384,32768
     vfscache     1   256K       -        1
cluster_save buffer     0     0K       -       16  32,64,128
     VFS hash     1   128K       -        1
       vnodes     1     1K       -        1  512
        mount   150    15K       -      206  16,32,64,128,256,512,1024,2048,16384,32768
  vnodemarker     0     0K       -   102086  8192
  NULLFS node    26     1K       -   287117  16
 NULLFS mount     2     1K       -        2  16
    pfs_nodes    25     3K       -       25  128
  pfs_vncache    32     1K       -      115  32
         GEOM    60     6K       -      430  16,32,64,128,256,512,2048,8192,16384,65536
     syncache     1     8K       -        1
    ad_driver     1     1K       -        1  32
     tlv_stat     0     0K       -    17121  2048
   Aggregator     1     1K       -        1  128
   NFS daemon     1     8K       -        1
       if_fxp     0     0K       -        4
      pagedep     1    32K       -      255  64
     inodedep     1   128K       -      943  256
       newblk     1     1K       -     1355  64,2048
    bmsafemap     0     0K       -      133  64
  allocdirect     0     0K       -      652  128
     indirdep     0     0K       -      153  32
   allocindir     0     0K       -      702  64
     freefrag     0     0K       -       62  32
     freeblks     0     0K       -      317  2048
     freefile     0     0K       -      372  32
       diradd     0     0K       -      830  64
        mkdir     0     0K       -      250  32
       dirrem     0     0K       -      607  32
     savedino     0     0K       -      448  512
    UFS mount     9    15K       -        9  2048,32768,65536
      UMAHash     1     1K       -        3  2048,8192,16384
      MD disk     2     4K       -        2  32768
      ata_dma     2     1K       -        2  256
    VM pgdata     1    64K       -        1
  ISOFS mount     1     1K       -        1  256
     atkbddev     2     1K       -        2  32
   ISOFS node  1255   118K       -     1255  128
       isadev    21     2K       -       21  64
   Gzip trees     0     0K       -   481010  32,64,128,1024,4096,16384,32768,65536
    CAM queue     3     1K       -        3  16
    legacydrv     3     1K       -        3  16
      memdesc     1     4K       -        1  65536
     nexusdev     2     1K       -        2  16
CAM dev queue     1     1K       -        1  64
  ata_generic     1     1K       -        1  16384
ITEM            SIZE     LIMIT     USED    FREE  REQUESTS

UMA Kegs:        136,        0,      68,      4,       68
UMA Zones:       120,        0,      68,     22,       68
UMA Slabs:        64,        0,     479,     52,    29218
UMA RCntSlabs:   104,        0,     155,     30,      155
UMA Hash:        128,        0,       4,     26,        5
16 Bucket:        76,        0,      32,     18,       32
32 Bucket:       140,        0,      34,     22,       34
64 Bucket:       268,        0,      32,     10,       32
128 Bucket:      524,        0,      84,      0,       84
VM OBJECT:       128,        0,    2574,    126,   121443
MAP:             160,        0,       7,     41,        7
KMAP ENTRY:       68,    33600,      21,    147,    59540
MAP ENTRY:        68,        0,    1742,    330,   309659
PV ENTRY:         24,   679905,  134413,   8412,  6441598
DP fakepg:        72,        0,      22,     84,       22
mt_zone:          64,        0,     228,     67,      228
16:               16,        0,    1775,     52,  6463689
32:               32,        0,     786,    231,  1820633
64:               64,        0,    3480,    296,   853337
96:               96,        0,    1818,    102,    55766
112:             112,        0,     664,    141,   652463
128:             128,        0,     278,    142,     2359
160:             160,        0,     101,     19,     8573
256:             256,        0,     480,     15,    18573
272:             272,        0,       8,     20,     3605
512:             512,        0,      41,      7,   114230
1024:           1024,        0,     115,     13,    13519
2048:           2048,        0,     234,     76,     9089
4096:           4096,        0,     110,      9,     9711
Files:            72,        0,     350,     74,   749172
PROC:            544,        0,      88,     24,     7842
THREAD:          416,        0,     112,     14,      112
KSEGRP:           88,        0,     112,     48,      112
UPCALL:           44,        0,       0,      0,        0
SLEEPQUEUE:       32,        0,     127,    212,      127
VMSPACE:         268,        0,      38,     18,     7792
mbuf_packet:     256,    82560,       0,    128,    49408
mbuf:            256,    82560,      19,    378, 21666398
mbuf_cluster:   2048,    20640,     133,    177,   121221
mbuf_jumbo_pagesize: 4096,        0,       0,      0,        0
mbuf_jumbo_9k:  9216,        0,       0,      0,        0
mbuf_jumbo_16k: 16384,        0,       0,      0,        0
ACL UMA zone:    388,        0,       0,      0,        0
g_bio:           132,        0,       0,    203,    74826
ata_request:     200,        0,       0,     57,     8046
ata_composite:   192,        0,       0,      0,        0
VNODE:           292,        0,    1942,      8,   289793
VNODEPOLL:        72,        0,       0,      0,        0
S VFS Cache:      68,        0,    1708,     84,     7172
L VFS Cache:     291,        0,       0,     26,        1
NAMEI:          1024,        0,       0,     20,   951238
NFSMOUNT:        480,        0,       0,      0,        0
NFSNODE:         460,        0,       0,      0,        0
PIPE:            404,        0,      18,      9,     4783
KNOTE:            72,        0,      26,     80,  1865159
socket:          376,    20640,     194,     16,   319303
ipq:              52,      648,       0,      0,        0
udpcb:           224,    20655,      12,     22,       32
inpcb:           224,    20655,      17,     34,   175140
tcpcb:           484,    20640,      17,     15,   175140
tcptw:            56,     4154,       0,    134,        8
syncache:        120,    15360,       0,     64,       10
tcpreass:         20,     1352,       0,      0,        0
sackhole:         20,        0,       0,    169,        2
ripcb:           224,    20655,       2,     32,        7
unpcb:           140,    20664,      89,     51,   143785
SWAPMETA:        276,   121576,       0,      0,        0
FFS inode:       132,        0,     483,     68,     1158
FFS1 dinode:     128,        0,     483,     57,     1158
FFS2 dinode:     256,        0,       0,      0,        0

653763478 cpu context switches
572711375 device interrupts
  5365610 software interrupts
   927071 traps
3246975882 system calls
       51 kernel threads created
     7621  fork() calls
      170 vfork() calls
        0 rfork() calls
        0 swap pager pageins
        0 swap pager pages paged in
        0 swap pager pageouts
        0 swap pager pages paged out
      510 vnode pager pageins
      529 vnode pager pages paged in
      443 vnode pager pageouts
     2768 vnode pager pages paged out
        0 page daemon wakeups
        0 pages examined by the page daemon
    31985 pages reactivated
   200731 copy-on-write faults
        7 copy-on-write optimized faults
   282058 zero fill pages zeroed
   197585 zero fill pages prezeroed
        5 intransit blocking page faults
   661215 total VM faults taken
        0 pages affected by kernel thread creation
   975057 pages affected by  fork()
    38356 pages affected by vfork()
        0 pages affected by rfork()
   582512 pages freed
        0 pages freed by daemon
   283294 pages freed by exiting processes
    17181 pages active
    31663 pages inactive
    20878 pages in VM cache
    92297 pages wired down
    92236 pages free
     4096 bytes per page
        0 swap pages used
        0 peak swap pages used
  2441608 total name lookups
          cache hits (91% pos + 7% neg) system 0% per-directory
          deletions 0%, falsehits 0%, toolong 0%
interrupt                          total       rate
irq0: clk                      350310134       1000
irq4: sio0                           747          0
irq5: uhci0 uhci0*               2315756          6
irq11: isab0                           3          0
stray irq11                            1          0
irq14: ata0                         8046          0
Total                          352634687       1006


root@J6350D> show system buffer no-forwarding

12/513/525 mbufs in use (current/cache/total)
5/305/310/20640 mbuf clusters in use (current/cache/total/max)
0/128 mbuf+clusters out of packet secondary zone in use (current/cache)
0/0/0/0 4k (page size) jumbo clusters in use (current/cache/total/max)
0/0/0/0 9k jumbo clusters in use (current/cache/total/max)
0/0/0/0 16k jumbo clusters in use (current/cache/total/max)
13K/738K/751K bytes allocated to network (current/cache/total)
0/0/0 requests for mbufs denied (mbufs/clusters/mbuf+clusters)
0/0/0 requests for jumbo clusters denied (4k/9k/16k)
0/4/640 sfbufs in use (current/peak/max)
0 requests for sfbufs denied
0 requests for sfbufs delayed
0 requests for I/O initiated by sendfile
0 calls to protocol drain routines


root@J6350D> show system queues no-forwarding

output interface            bytes          max  packets      max    drops
lsi                             0        12500        0       41        0
dsc                             0            0        0        0        0
lo0                             0            0        0        0        0
gre                             0        12500        0       41        0
ipip                            0        12500        0       41        0
tap                             0            0        0        0        0
pime                            0        12500        0       41        0
pimd                            0        12500        0       41        0
mtun                            0        12500        0       41        0
pp0                             0       125000        0      416        0
ge-0/0/0                        0      1250000        0     4166        0
ge-0/0/1                        0      1250000        0     4166        8
ge-0/0/2                        0      1250000        0     4166        1
ge-0/0/3                        0      1250000        0     4166        1
sp-0/0/0                        0      1250000        0     4166        0
pd-0/0/0                        0        12500        0       41        0
pe-0/0/0                        0        12500        0       41        0
gr-0/0/0                        0        12500        0       41        0
ip-0/0/0                        0        12500        0       41        0
ls-0/0/0                        0       125000        0      416        0
mt-0/0/0                        0        12500        0       41        0
lt-0/0/0                        0        12500        0       41        0
br-1/0/0                        0       125000        0      416        0
br-1/0/1                        0       125000        0      416        0
br-1/0/2                        0       125000        0      416        0
br-1/0/3                        0       125000        0      416        0
at-5/0/0                        0       125000        0      416        0
input protocol              bytes          max  packets      max    drops
splfwdq                         0      1000000        0     1000        0
splnetq                         0      1000000        0     1000        0
arpintrq                        0         1000        0       50        0
optionq                         0       200000        0      200        0
icmpq                           0        50000        0       50        0
frlmiq                          0            0        0        0        0
spppintrq                       0        25000        0      250        0
atmctlpktq                      0            0        0        0        0
atmoamq                         0        12000        0      200        0
tnpintrq                        0      1250000        0     4166        0
tagintrq                        0       200000        0      200        0
tagfragq                        0       200000        0      200        0


root@J6350D> show system statistics no-forwarding

tcp:
        8006 packets sent
                7272 data packets (3458688 bytes)
                85 data packets (39620 bytes) retransmitted
                0 resends initiated by MTU discovery
                608 ack-only packets (547 delayed)
                4 URG only packets
                34 window probe packets
                0 window update packets
                3 control packets
        9028 packets received
                5976 acks (for 3463552 bytes)
                74 duplicate acks
                0 acks for unsent data
                4156 packets (50626 bytes) received in-sequence
                39 completely duplicate packets (96 bytes)
                0 old duplicate packets
                0 packets with some dup. data (0 bytes duped)
                0 out-of-order packets (0 bytes)
                0 packets (0 bytes) of data after window
                0 window probes
                40 window update packets
                0 packets received after close
                0 discarded for bad checksums
                0 discarded for bad header offset fields
                0 discarded because packet too short
        1 connection request
        10 connection accepts
        0 bad connection attempts
        0 listen queue overflows
        11 connections established (including accepts)
        175123 connections closed (including 1 drop )
                10 connections updated cached RTT on close
                10 connections updated cached RTT variance on close
                5 connections updated cached ssthresh on close
        0 embryonic connections dropped
        4815 segments updated rtt (of 4856 attempts)
        80 retransmit timeouts
                1 connection  dropped by rexmit timeout
        0 persist timeouts
                0 connections dropped by persist timeout
        0 keepalive timeouts
                0 keepalive probes sent
                0 connections dropped by keepalive
        1692 correct ACK header predictions
        2915 correct data packet header predictions
        10 syncache entries added
                0 retransmitted
                0 dupsyn
                0 dropped
                10 completed
                0 bucket overflow
                0 cache overflow
                0 reset
                0 stale
                0 aborted
                0 badack
                0 unreach
                0 zone failures
        0 cookies sent
        0 cookies received
        4 SACK recovery episodes
        1 segment rexmit  in SACK recovery episodes
        484 byte rexmits in SACK recovery episodes
        6 SACK options (SACK blocks) received
        0 SACK options (SACK blocks) sent
        0 SACK scoreboard overflow
        0 ACKs sent in response to in-window but not exact RSTs
        0 ACKs sent in response to in-window SYNs on established connections
        0 rcv packets dropped by TCP due to bad address
        0 out-of-sequence segment drops due to insufficient memory
        1 RST packet
        0 ICMP packets ignored by TCP
        0 send packets dropped by TCP due to auth errors
        0 rcv packets dropped by TCP due to auth errors
        0 outgoing segments dropped due to policing
udp:
        3 datagrams received
        0 with incomplete header
        0 with bad data length field
        0 with bad checksum
        3 dropped due to no socket
        0 broadcast/multicast datagrams dropped due to no socket
        0 dropped due to full socket buffers
        0 not for hashed pcb
        0 delivered
        0 datagrams output
ip:
        9043 total packets received
        0 bad header checksums
        0 with size smaller than minimum
        0 with data size < data length
        0 with header length < data size
        0 with data length < header length
        0 with incorrect version number
        0 packets destined to dead next hop
        0 fragments received
        0 fragments dropped (dup or out of space)
        0 fragments dropped (queue overflow)
        0 fragments dropped after timeout
        0 fragments dropped due to over limit
        0 packets reassembled ok
        9055 packets for this host
        0 packets for unknown/unsupported protocol
        0 packets forwarded
        0 packets not forwardable
        0 redirects sent
        87845 packets sent from this host
        12 packets sent with fabricated ip header
        0 output packets dropped due to no bufs
        0 output packets discarded due to no route
        0 output datagrams fragmented
        0 fragments created
        0 datagrams that can't be fragmented
        0 packets with bad options
        0 packets with options handled without error
        0 strict source and record route options
        0 loose source and record route options
        0 record route options
        0 timestamp options
        0 timestamp and address options
        0 timestamp and prespecified address options
        0 option packets dropped due to rate limit
        0 router alert options
        0 multicast packets dropped (no iflist)
        0 packets dropped (src and int don't match)
        0 transit re packets dropped on mgmt i/f
        0 packets used first nexthop in ecmp unilist
icmp:
        0 drops due to rate limit
        3 calls to icmp_error
        0 errors not generated because old message was icmp
        Output histogram:
                echo reply: 6
                destination unreachable: 3
        0 messages with bad code fields
        0 messages less than the minimum length
        0 messages with bad checksum
        0 messages with bad source address
        0 messages with bad length
        0 echo drops with broadcast or multicast destinaton address
        0 timestamp drops with broadcast or multicast destination address
        Input histogram:
                echo reply: 6
                destination unreachable: 3
                echo: 6
                time exceeded: 9
        6 message responses generated
igmp:
        0 messages received
        0 messages received with too few bytes
        0 messages received with bad checksum
        0 membership queries received
        0 membership queries received with invalid field(s)
        0 membership reports received
        0 membership reports received with invalid field(s)
        0 membership reports received for groups to which we belong
        18 membership reports sent
ipsec:
        0 inbound packets processed successfully
        0 inbound packets violated process security policy
        0 inbound packets with no SA available
        0 invalid inbound packets
        0 inbound packets failed due to insufficient memory
        0 inbound packets failed getting SPI
        0 inbound packets failed on AH replay check
        0 inbound packets failed on ESP replay check
        0 inbound packets considered authentic
        0 inbound packets failed on authentication
        0 inbound ESP packets considered authentic
        0 inbound ESP packets failed on authentication
        0 outbound packets processed successfully
        0 outbound packets violated process security policy
        0 outbound packets with no SA available
        0 invalid outbound packets
        0 outbound packets failed due to insufficient memory
        0 outbound packets with no route
        0 SPD cache lookups
        0 SPD cache misses
raw_if:
        0 RAW packets transmitted
        0 PPPOE packets transmitted
        0 ISDN packets transmitted
        0 DIALER packets transmitted
        0 PPP packets transmitted
        0 output drops due to tx error

        0 PPPOE packets received
        0 ISDN packets received
        0 DIALER packets received
        0 PPP packets received
        0 input drops due to bogus protocol
        0 input drops due to no mbufs available
        0 input drops due to no space in socket
        0 input drops due to no socket
arp:
        4468 datagrams received
        55 ARP requests received
        648 ARP replys received
        9 resolution requests received
        0 unrestricted proxy requests
        0 received proxy requests
        0 proxy requestss not proxied
        0 with bogus interface
        0 with incorrect length
        0 for non-IP protocol
        0 with unsupported op code
        0 with bad protocol address length
        0 with bad hardware address length
        0 with multicast source address
        4 with multicast target address
        0 with my own hardware address
        660 for an address not on the interface
        0 with a broadcast source address
        0 with source address duplicate to mine
        3101 which were not for me
        2 packets discarded waiting for resolution
        2 packets sent after waiting for resolution
        706 ARP requests sent
        55 ARP replys sent
        0 requests for memory denied
        0 requests dropped on entry
        0 requests dropped during retry
        0 requests dropped due to interface deletion
        0 requests on unnumbered interfaces
        0 new requests on unnumbered interfaces
        0 replies for from unnumbered interfaces
        0 requests on unnumbered interface with non-subnetted donor
        0 replies from unnumbered interface with non-subnetted donor
ip6:
        0 total packets received
        0 with size smaller than minimum
        0 with data size < data length
        0 with bad options
        0 with incorrect version number
        0 fragments received
        0 fragments dropped (dup or out of space)
        0 fragments dropped after timeout
        0 fragments that exceeded limit
        0 packets reassembled ok
        0 packets for this host
        0 packets forwarded
        0 packets not forwardable
        0 redirects sent
        0 packets sent from this host
        0 packets sent with fabricated ip header
        0 output packets dropped due to no bufs, etc.
        0 output packets discarded due to no route
        0 output datagrams fragmented
        0 fragments created
        0 datagrams that can't be fragmented
        0 packets that violated scope rules
        0 multicast packets which we don't join
        Mbuf statistics:
        0 packets whose headers are not continuous
        0 tunneling packets that can't find gif
        0 packets discarded due to too may headers
        0 failures of source address selection
        0 forward cache hit
        0 forward cache miss
        0 packets destined to dead next hop
        0 option packets dropped due to rate limit
        0 packets dropped (src and int don't match)
        0 packets dropped due to bad protocol
        0 transit re packet(null) dropped on mgmt i/f
        0 packet(null) used first nexthop in ecmp unilist
icmp6:
        0 calls to icmp_error
        0 errors not generated because old message was icmp error or so
        0 errors not generated because rate limitation
        0 messages with bad code fields
        0 messages < minimum length
        0 bad checksums
        0 messages with bad length
        Histogram of error messages to be generated:
                0 no route
                0 administratively prohibited
                0 beyond scope
                0 address unreachable
                0 port unreachable
                0 packet too big
                0 time exceed transit
                0 time exceed reassembly
                0 erroneous header field
                0 unrecognized next header
                0 unrecognized option
                0 redirect
                0 unknown
        0 message responses generated
        0 messages with too many ND options
ipsec6:
        0 inbound packets processed successfully
        0 inbound packets violated process security policy
        0 inbound packets with no SA available
        0 invalid inbound packets
        0 inbound packets failed due to insufficient memory
        0 inbound packets failed getting SPI
        0 inbound packets failed on AH replay check
        0 inbound packets failed on ESP replay check
        0 inbound packets considered authentic
        0 inbound packets failed on authentication
        0 inbound ESP packets considered authentic
        0 inbound ESP packets failed on authentication
        0 outbound packets processed successfully
        0 outbound packets violated process security policy
        0 outbound packets with no SA available
        0 invalid outbound packets
        0 outbound packets failed due to insufficient memory
        0 outbound packets with no route
        0 SPD cache lookups
        0 SPD cache misses
pfkey:
        28 requests sent from userland
        1456 bytes sent from userland
        histogram by message type:
                reserved: 14
                dump: 14
        0 messages with invalid length field
        0 messages with invalid version field
        0 messages with invalid message type field
        0 messages too short
        0 messages with memory allocation failure
        0 messages with duplicate extension
        0 messages with invalid extension type
        0 messages with invalid sa type
        0 messages with invalid address extension
        28 requests sent to userland
        1456 bytes sent to userland
        histogram by message type:
                reserved: 14
                dump: 14
        0 messages toward single socket
        0 messages toward all sockets
        0 messages toward registered sockets
        0 messages with memory allocation failure

clnl:
        0 total packets received
        0 packets delivered
        0 too small
        0 bad header length
        0 bad checksum
        0 bad version
        0 unknown or unsupport protocol
        0 bogus sdl size
        0 no free memory in socket buffer
        0 send packets discarded
        0 sbappend failure
        0 mcopy failure
        0 address fields were not reasonable
        0 segment information forgotten
        0 forwarded packets
        0 total packets sent
        0 output packets discarded
        0 non-forwarded packets
        0 packets fragmented
        0 fragments sent
        0 fragments discarded
        0 fragments timed out
        0 fragmentation prohibited
        0 packets reconstructed
        0 packets destined to dead nexthop
        0 packets discarded due to no route
        0 Error pdu rate drops
        0 ER pdu generation failure

esis:
        0 total pkts received
        0 total packets consumed by protocol
        0 pdus received with bad checksum
        0 pdus received with bad version number
        0 pdus received with bad type field
        0 short pdus received
        0 bogus sdl size
        0 bad header length
        0 unknown or unsupport protocol
        0 no free memory in socket buffer
        0 send packets discarded
        0 sbappend failure
        0 mcopy failure
        0 ISO family not configured
tnp:
        9667937 unicast packets received
        0 broadcast packets received
        48 fragmented packets received
        0 hello packets dropped
        0 fragments dropped
        0 fragment reassembly queue flushes
        0 packets with tnp src address collision received
        0 hello packets received
        0 control packets received
        9576248 rdp packets received
        64667 udp packets received
        27022 tunnel packets received
        0 input packets discarded with no protocol
        0 packets of version unspecified received
        0 packets of version 1 received
        0 packets of version 2 received
        9667937 packets of version 3 received

        9654402 unicast packets sent
        0 broadcast packets sent
        24 fragmented packets sent
        0 hello packets dropped
        0 fragments dropped
        0 hello packets sent
        0 control packets sent
        9576224 rdp packets sent
        64667 udp packets sent
        13511 tunnel packets sent
        0 packets sent with unknown protocol
        0 packets of version unspecified sent
        0 packets of version 1 sent
        0 packets of version 2 sent
        9654402 packets of version 3 sent
rdp:
        9576224 input packets
        0 discards for bad checksum
        8184 discards bad sequence number
        0 refused connections
        667999 acks received
        0 dropped due to full socket buffers
        8184 retransmits
        9576236 output packets
        4788107 acks sent
        16 connects
        2 closes
        4111916 keepalives received
        4111916 keepalives sent
tudp:
        0 datagrams received
        0 with incomplete header
        0 with bad data length field
        0 with bad checksum
        64667 dropped due to no socket
        0 broadcast/multicast datagrams dropped due to no socket
        0 dropped due to full socket buffers
        4294902629 delivered
        64667 datagrams output
ttp:
        88600 packets sent
        0 packets sent while unconnected
        0 packets sent while interface down
        0 packets sent couldn't get buffer
        0 packets sent could't find neighbor
        4468 L2 packets received
        0 unknown L3 packets received
        9043 IPv4 L3 packets received
        0 MPLS L3 packets received
        0 MPLS->IPv4 L3 packets received
        0 IPv4->MPLS L3 packets received
        0 IPv6 L3 packets received
        0 ARP L3 packets received
        0 CLNP L3 packets received
        0 TNP L3 packets received
        0 NULL L3 packets received
        0 cyclotron cycle L3 packets received
        0 cyclotron send L3 packets received
        0 packets received while unconnected
        0 packets received from unknown ifl
        0 input packets couldn't get buffer
        0 input packets with bad type
        0 input packets with discard type
        0 input packets for which rt lookup is bypassed
mpls:
        0 total mpls packets received
        0 packets forwarded
        0 packets dropped
        0 with header too small
        0 after tagging, can't fit link MTU
        0 with IPv4 explicit NULL tag
        0 with IPv4 explicit NULL cksum errors
        0 with router alert tag
        0 lsp ping packets (ttl-expired/router alert)
        0 with ttl expired
        0 with tag encoding error
        0 packets discarded, no route
        0 packets used first nexthop in ecmp unilist
vpls:
        0 total packets received
        0 with size smaller than minimum
        0 with incorrect version number
        0 packets for this host

        0 packets with no logical interface
        0 packets with no family
        0 packets with no route table
        0 packets with no auxiliary table
        0 packets with no corefacing entry
        0 packets with no CE-facing entry

        0 mac route learning requests
        0 mac routes learnt
        0 requests to learn an existing route
        0 learning requests while learning disabled on interface
        0 learning requests over capacity
        0 mac routes moved
        0 requests to move static route

        0 mac route aging requests
        0 mac routes aged
        0 bogus address in aging requests
        0 requests to age static route
        0 requests to re-ageout aged route
        0 requests involving multiple peer FEs
        0 aging acks from PFE
        0 aging non-acks from PFE
        0 aging requests timed out waiting on FEs
        0 aging requests over max-rate
        0 errors finding peer FEs
        0 unsupported platform
        0 dropped due to no l3 route table
        0 dropped due to no local ifl
        0 packets punted
        0 dropped due to no socket


root@J6350D> show configuration | except SECRET-DATA

## Last commit: 2009-02-13 12:45:18 UTC by admin
version 9.3R2.8;
system {
    host-name J6350D;
    root-authentication {
    }
    login {
        user admin {
            uid 2000;
            class super-user;
            authentication {
            }
        }
    }
    services {
        ftp;
        telnet;
        web-management {
            http {
                interface [ ge-0/0/0.0 ge-0/0/1.0 ge-0/0/2.0 ge-0/0/3.0 ];
            }
        }
    }
    syslog {
        user * {
            any emergency;
        }
        file messages {
            any any;
            authorization info;
        }
        file interactive-commands {
            interactive-commands any;
        }
    }
}
interfaces {
    ge-0/0/1 {
        vlan-tagging;
        unit 100 {
            vlan-id 100;
            family inet {
                address 192.168.12.6/30;
            }
        }
        unit 101 {
            vlan-id 101;
            family inet {
                address 192.168.12.2/30;
            }
        }
    }
    ge-0/0/2 {
        unit 0 {
            family inet {
                address 1.1.1.3/24;
            }
        }
    }
    ge-0/0/3 {
        unit 0 {
            family inet {
                address 10.10.4.131/24;
            }
        }
    }
    ge-4/0/0 {
        unit 0 {
            family inet {
                address 10.16.16.132/29;
            }
        }
    }
    lo0 {
        unit 100 {
            family inet {
                address 192.168.90.91/32;
            }
        }
        unit 101 {
            family inet {
                address 10.16.16.251/32;
            }
        }
    }
}
forwarding-options {
    port-mirroring {
        input {
            rate 1;
        }
        family inet {
            output {
                interface ge-0/0/0.0;
                no-filter-check;
            }
        }
    }
}
routing-options {
    static {
        route 0.0.0.0/0 next-hop 10.10.4.1;
    }
    router-id 10.10.230.3;
    autonomous-system 65535;
}
policy-options {
    policy-statement EXPORT-VR0 {
        term 1 {
            from protocol direct;
            then {
                tag 1;
                accept;
            }
        }
        term 99 {
            then reject;
        }
    }
    policy-statement FROM-VR0 {
        term 1 {
            from instance VR0;
            then accept;
        }
    }
    policy-statement FROM-VR1 {
        term 1 {
            from instance VR1;
            then accept;
        }
    }
    policy-statement TO-VR0 {
        term 1 {
            from {
                instance VR1;
                route-filter 10.199.199.0/24 exact;
            }
            then accept;
        }
        term 2 {
            from {
                instance VR1;
                protocol [ direct local ];
            }
            then accept;
        }
        term 99 {
            then reject;
        }
    }
    policy-statement TO-VR1 {
        term 1 {
            from {
                instance VR0;
                protocol direct;
            }
            then accept;
        }
        term 99 {
            then reject;
        }
    }
}
routing-instances {
    VR0 {
        instance-type virtual-router;
        interface ge-0/0/1.100;
        interface lo0.100;
        routing-options {
            instance-import TO-VR0;
            instance-export EXPORT-VR0;
        }
        protocols {
            ospf {
                export FROM-VR1;
                area 0.0.0.0 {
                    interface lo0.100;
                    interface ge-0/0/1.100;
                }
            }
        }
    }
    VR1 {
        instance-type virtual-router;
        interface ge-0/0/1.101;
        interface ge-4/0/0.0;
        interface lo0.101;
        routing-options {
            instance-import TO-VR1;
        }
        protocols {
            ospf {
                export FROM-VR0;
                area 0.0.0.0 {
                    interface ge-0/0/1.101;
                    interface lo0.101;
                }
                area 0.0.0.21 {
                    interface ge-4/0/0.0;
                }
            }
        }
    }
}


root@J6350D> show interfaces extensive no-forwarding

Physical interface: ge-0/0/0, Enabled, Physical link is Up
  Interface index: 129, SNMP ifIndex: 147, Generation: 130
  Link-level type: Ethernet, MTU: 1514, Speed: 1000mbps, MAC-REWRITE Error: None, Loopback: Disabled, Source filtering: Disabled, Flow control: Enabled, Auto-negotiation: Enabled, Remote fault: Online
  Device flags   : Present Running
  Interface flags: SNMP-Traps Internal: 0x4000
  Link flags     : None
  CoS queues     : 8 supported, 8 maximum usable queues
  Hold-times     : Up 0 ms, Down 0 ms
  Current address: 00:17:cb:42:6e:00, Hardware address: 00:17:cb:42:6e:00
  Last flapped   : 2009-02-09 12:47:12 UTC (4d 01:16 ago)
  Statistics last cleared: Never
  Traffic statistics:
   Input  bytes  :                37487                    0 bps
   Output bytes  :            182878533                    0 bps
   Input  packets:                  702                    0 pps
   Output packets:               983362                    0 pps
  Input errors:
    Errors: 0, Drops: 0, Framing errors: 0, Runts: 0, Policed discards: 0, L3 incompletes: 0, L2 channel errors: 188, L2 mismatch timeouts: 0, FIFO errors: 0, Resource errors: 0
  Output errors:
    Carrier transitions: 1, Errors: 0, Drops: 0, Collisions: 0, Aged packets: 0, FIFO errors: 0, HS link CRC errors: 0, MTU errors: 0, Resource errors: 0
  Active alarms  : None
  Active defects : None
  MAC statistics:                      Receive         Transmit
    Total octets                      24207508        204504547
    Total packets                       345252           983361
    Unicast packets                       1112           983358
    Broadcast packets                   157553                3
    Multicast packets                   186587                0
    CRC/Align errors                         0                0
    FIFO errors                              0                0
    MAC control frames                       0                0
    MAC pause frames                         0                0
    Oversized frames                         0
    Jabber frames                            0
    Fragment frames                          0
    VLAN tagged frames                       0
    Code violations                          0
  Filter statistics:
    Input packet count                  345252
    Input packet rejects                187027
    Input DA rejects                    187027
    Input SA rejects                         0
    Output packet count                                       0
    Output packet pad count                                   0
    Output packet error count                                 0
    CAM destination filters: 1, CAM source filters: 0
  Autonegotiation information:
    Negotiation status: Complete
    Link partner:
        Link mode: Full-duplex, Flow control: None, Remote fault: OK, Link partner Speed: 1000 Mbps
    Local resolution:
        Flow control: None, Remote fault: Link OK
  Packet Forwarding Engine configuration:
    Destination slot: 0
    Direction : Output
    CoS transmit queue               Bandwidth               Buffer Priority   Limit
                              %            bps     %           usec
    0 best-effort            95      950000000    95              0      low    none
    3 network-control         5       50000000     5              0      low    none

Physical interface: gr-0/0/0, Enabled, Physical link is Up
  Interface index: 136, SNMP ifIndex: 128, Generation: 137
  Type: GRE, Link-level type: GRE, MTU: Unlimited, Speed: 800mbps
  Link flags     : Scheduler Keepalives DTE
  Hold-times     : Up 0 ms, Down 0 ms
  Device flags   : Present Running
  Interface flags: Point-To-Point
  Statistics last cleared: Never
  Traffic statistics:
   Input  bytes  :                    0                    0 bps
   Output bytes  :                    0                    0 bps
   Input  packets:                    0                    0 pps
   Output packets:                    0                    0 pps

Physical interface: ip-0/0/0, Enabled, Physical link is Up
  Interface index: 137, SNMP ifIndex: 129, Generation: 138
  Type: IPIP, Link-level type: IP-over-IP, MTU: Unlimited, Speed: 800mbps
  Link flags     : Scheduler Keepalives DTE
  Hold-times     : Up 0 ms, Down 0 ms
  Device flags   : Present Running
  Statistics last cleared: Never
  Traffic statistics:
   Input  bytes  :                    0                    0 bps
   Output bytes  :                    0                    0 bps
   Input  packets:                    0                    0 pps
   Output packets:                    0                    0 pps

Physical interface: ls-0/0/0, Enabled, Physical link is Up
  Interface index: 138, SNMP ifIndex: 130, Generation: 139
  Link-level type: LinkService, MTU: 1504
  Device flags   : Present Running
  Interface flags: Point-To-Point SNMP-Traps
  Last flapped   : 2009-02-09 12:47:08 UTC (4d 01:16 ago)
  Statistics last cleared: Never
  Traffic statistics:
   Input  bytes  :                    0                    0 bps
   Output bytes  :                    0                    0 bps
   Input  packets:                    0                    0 pps
   Output packets:                    0                    0 pps
  Frame exceptions:
    Oversized frames                  0
    Errored input frames              0
    Input on disabled link/bundle     0
    Output for disabled link/bundle   0
    Queuing drops                     0
  Buffering exceptions:
    Packet data buffer overflow       0
    Fragment data buffer overflow     0
  Assembly exceptions:
    Fragment timeout                  0
    Missing sequence number           0
    Out-of-order sequence number      0
    Out-of-range sequence number      0
  Hardware errors (sticky):
    Data memory error                 0
    Control memory error              0

Physical interface: lt-0/0/0, Enabled, Physical link is Up
  Interface index: 140, SNMP ifIndex: 132, Generation: 141
  Type: Logical-tunnel, Link-level type: Logical-tunnel, MTU: Unlimited, Clocking: Unspecified, Speed: 800mbps
  Device flags   : Present Running
  Interface flags: Point-To-Point SNMP-Traps
  Link type      : Unspecified
  Link flags     : None
  Physical info  : 13
  Hold-times     : Up 0 ms, Down 0 ms
  Current address: 00:17:cb:42:6e:00, Hardware address: 00:17:cb:42:6e:00
  Alternate link address: Unspecified
  Last flapped   : 2009-02-09 12:47:08 UTC (4d 01:16 ago)
  Statistics last cleared: Never
  Traffic statistics:
   Input  bytes  :                    0                    0 bps
   Output bytes  :                    0                    0 bps
   Input  packets:                    0                    0 pps
   Output packets:                    0                    0 pps
  Input errors:
    Errors: 0, Drops: 0, Framing errors: 0, Runts: 0, Giants: 0, Policed discards: 0, Resource errors: 0
  Output errors:
    Carrier transitions: 1, Errors: 0, Drops: 0, MTU errors: 0, Resource errors: 0

Physical interface: mt-0/0/0, Enabled, Physical link is Up
  Interface index: 139, SNMP ifIndex: 131, Generation: 140
  Type: Multicast-GRE, Link-level type: GRE, MTU: Unlimited, Speed: 800mbps
  Link flags     : Keepalives DTE
  Hold-times     : Up 0 ms, Down 0 ms
  Device flags   : Present Running
  Interface flags: SNMP-Traps
  Statistics last cleared: Never
  Traffic statistics:
   Input  bytes  :                    0                    0 bps
   Output bytes  :                    0                    0 bps
   Input  packets:                    0                    0 pps
   Output packets:                    0                    0 pps

Physical interface: pd-0/0/0, Enabled, Physical link is Up
  Interface index: 134, SNMP ifIndex: 126, Generation: 135
  Type: PIMD, Link-level type: PIM-Decapsulator, MTU: Unlimited, Speed: 800mbps
  Hold-times     : Up 0 ms, Down 0 ms
  Device flags   : Present Running
  Interface flags: SNMP-Traps
  Statistics last cleared: Never
  Traffic statistics:
   Input  bytes  :                    0                    0 bps
   Output bytes  :                    0                    0 bps
   Input  packets:                    0                    0 pps
   Output packets:                    0                    0 pps

Physical interface: pe-0/0/0, Enabled, Physical link is Up
  Interface index: 135, SNMP ifIndex: 127, Generation: 136
  Type: PIME, Link-level type: PIM-Encapsulator, MTU: Unlimited, Speed: 800mbps
  Hold-times     : Up 0 ms, Down 0 ms
  Device flags   : Present Running
  Interface flags: SNMP-Traps
  Statistics last cleared: Never
  Traffic statistics:
   Input  bytes  :                    0                    0 bps
   Output bytes  :                    0                    0 bps
   Input  packets:                    0                    0 pps
   Output packets:                    0                    0 pps

Physical interface: sp-0/0/0, Enabled, Physical link is Up
  Interface index: 133, SNMP ifIndex: 124, Generation: 134
  Type: Adaptive-Services, Link-level type: Adaptive-Services, MTU: 9192, Clocking: Unspecified, Speed: 800mbps
  Device flags   : Present Running
  Interface flags: Point-To-Point SNMP-Traps Internal: 0x4000
  Link type      : Full-Duplex
  Link flags     : None
  Physical info  : Unspecified
  Hold-times     : Up 0 ms, Down 0 ms
  Current address: Unspecified, Hardware address: Unspecified
  Alternate link address: Unspecified
  Last flapped   : 2009-02-09 12:47:08 UTC (4d 01:16 ago)
  Statistics last cleared: Never
  Traffic statistics:
   Input  bytes  :                    0                    0 bps
   Output bytes  :                    0                    0 bps
   Input  packets:                    0                    0 pps
   Output packets:                    0                    0 pps
  Input errors:
    Errors: 0, Drops: 0, Framing errors: 0, Runts: 0, Giants: 0, Policed discards: 0, Resource errors: 0
  Output errors:
    Carrier transitions: 1, Errors: 0, Drops: 0, MTU errors: 0, Resource errors: 0

  Logical interface sp-0/0/0.16383 (Index 75) (SNMP ifIndex 125) (Generation 140)
    Flags: Point-To-Point SNMP-Traps Encapsulation: Adaptive-Services
    Traffic statistics:
     Input  bytes  :                    0
     Output bytes  :                    0
     Input  packets:                    0
     Output packets:                    0
    Local statistics:
     Input  bytes  :                    0
     Output bytes  :                    0
     Input  packets:                    0
     Output packets:                    0
    Transit statistics:
     Input  bytes  :                    0                    0 bps
     Output bytes  :                    0                    0 bps
     Input  packets:                    0                    0 pps
     Output packets:                    0                    0 pps
    Protocol inet, MTU: 9192, Generation: 149, Route table: 1
      Flags: Is-Primary, Receive-options, Receive-TTL-Exceeded

Physical interface: ge-0/0/1, Enabled, Physical link is Up
  Interface index: 130, SNMP ifIndex: 119, Generation: 131
  Link-level type: Ethernet, MTU: 1518, Speed: 1000mbps, MAC-REWRITE Error: None, Loopback: Disabled, Source filtering: Disabled, Flow control: Enabled, Auto-negotiation: Enabled, Remote fault: Online
  Device flags   : Present Running
  Interface flags: SNMP-Traps Internal: 0x4000
  CoS queues     : 8 supported, 8 maximum usable queues
  Hold-times     : Up 0 ms, Down 0 ms
  Current address: 00:17:cb:42:6e:01, Hardware address: 00:17:cb:42:6e:01
  Last flapped   : 2009-02-13 12:49:34 UTC (01:14:05 ago)
  Statistics last cleared: Never
  Traffic statistics:
   Input  bytes  :                    0                    0 bps
   Output bytes  :            212930320                    0 bps
   Input  packets:                    0                    0 pps
   Output packets:              1189442                    0 pps
  Input errors:
    Errors: 0, Drops: 0, Framing errors: 0, Runts: 0, Policed discards: 0, L3 incompletes: 0, L2 channel errors: 0, L2 mismatch timeouts: 0, FIFO errors: 0, Resource errors: 0
  Output errors:
    Carrier transitions: 3, Errors: 0, Drops: 0, Collisions: 0, Aged packets: 0, FIFO errors: 0, HS link CRC errors: 0, MTU errors: 0, Resource errors: 0
  Egress queues: 8 supported, 4 in use
  Queue counters:       Queued packets  Transmitted packets      Dropped packets
    0 best-effort              1008418              1008418                    0
    1 expedited-fo                   0                    0                    0
    2 assured-forw                   0                    0                    0
    3 network-cont               79810                79810                    0
  Active alarms  : None
  Active defects : None
  MAC statistics:                      Receive         Transmit
    Total octets                             0        237661172
    Total packets                            0          1189441
    Unicast packets                          0          1109587
    Broadcast packets                        0               32
    Multicast packets                        0            79822
    CRC/Align errors                         0                0
    FIFO errors                              0                0
    MAC control frames                       0                0
    MAC pause frames                         0                0
    Oversized frames                         0
    Jabber frames                            0
    Fragment frames                          0
    VLAN tagged frames                       0
    Code violations                          0
  Filter statistics:
    Input packet count                       0
    Input packet rejects                     0
    Input DA rejects                         0
    Input SA rejects                         0
    Output packet count                                       0
    Output packet pad count                                   0
    Output packet error count                                 0
    CAM destination filters: 4, CAM source filters: 0
  Autonegotiation information:
    Negotiation status: Complete
    Link partner:
        Link mode: Full-duplex, Flow control: None, Remote fault: OK, Link partner Speed: 1000 Mbps
    Local resolution:
        Flow control: None, Remote fault: Link OK
  Packet Forwarding Engine configuration:
    Destination slot: 0
    Direction : Output
    CoS transmit queue               Bandwidth               Buffer Priority   Limit
                              %            bps     %           usec
    0 best-effort            95      950000000    95              0      low    none
    3 network-control         5       50000000     5              0      low    none

  Logical interface ge-0/0/1.100 (Index 81) (SNMP ifIndex 139) (Generation 162)
    Flags: SNMP-Traps VLAN-Tag [ 0x8100.100 ]  Encapsulation: ENET2
    Traffic statistics:
     Input  bytes  :                    0
     Output bytes  :              3139042
     Input  packets:                    0
     Output packets:                38283
    Local statistics:
     Input  bytes  :                    0
     Output bytes  :              3139042
     Input  packets:                    0
     Output packets:                38283
    Transit statistics:
     Input  bytes  :                    0                    0 bps
     Output bytes  :                    0                    0 bps
     Input  packets:                    0                    0 pps
     Output packets:                    0                    0 pps
    Protocol inet, MTU: 1500, Generation: 170, Route table: 4
      Flags: Is-Primary
      Addresses, Flags: Is-Preferred Is-Primary
        Destination: 192.168.12.4/30, Local: 192.168.12.6, Broadcast: 192.168.12.7, Generation: 182

  Logical interface ge-0/0/1.101 (Index 79) (SNMP ifIndex 140) (Generation 160)
    Flags: SNMP-Traps VLAN-Tag [ 0x8100.101 ]  Encapsulation: ENET2
    Traffic statistics:
     Input  bytes  :                    0
     Output bytes  :              3138714
     Input  packets:                    0
     Output packets:                38279
    Local statistics:
     Input  bytes  :                    0
     Output bytes  :              3138714
     Input  packets:                    0
     Output packets:                38279
    Transit statistics:
     Input  bytes  :                    0                    0 bps
     Output bytes  :                    0                    0 bps
     Input  packets:                    0                    0 pps
     Output packets:                    0                    0 pps
    Protocol inet, MTU: 1500, Generation: 168, Route table: 3
      Flags: Is-Primary
      Addresses, Flags: Is-Preferred Is-Primary
        Destination: 192.168.12.0/30, Local: 192.168.12.2, Broadcast: 192.168.12.3, Generation: 178

  Logical interface ge-0/0/1.32767 (Index 72) (SNMP ifIndex 141) (Generation 157)
    Flags: SNMP-Traps VLAN-Tag [ 0x0000.0 ]  Encapsulation: ENET2
    Traffic statistics:
     Input  bytes  :                    0
     Output bytes  :                    0
     Input  packets:                    0
     Output packets:                    0
    Local statistics:
     Input  bytes  :                    0
     Output bytes  :                    0
     Input  packets:                    0
     Output packets:                    0
    Transit statistics:
     Input  bytes  :                    0                    0 bps
     Output bytes  :                    0                    0 bps
     Input  packets:                    0                    0 pps
     Output packets:                    0                    0 pps

Physical interface: ge-0/0/2, Enabled, Physical link is Up
  Interface index: 131, SNMP ifIndex: 121, Generation: 132
  Link-level type: Ethernet, MTU: 1514, Speed: 10m, MAC-REWRITE Error: None, Loopback: Disabled, Source filtering: Disabled, Flow control: Enabled, Auto-negotiation: Enabled, Remote fault: Online
  Device flags   : Present Running
  Interface flags: SNMP-Traps Internal: 0x4000
  Link flags     : None
  CoS queues     : 8 supported, 8 maximum usable queues
  Hold-times     : Up 0 ms, Down 0 ms
  Current address: 00:17:cb:42:6e:02, Hardware address: 00:17:cb:42:6e:02
  Last flapped   : 2009-02-13 12:51:04 UTC (01:12:35 ago)
  Statistics last cleared: Never
  Traffic statistics:
   Input  bytes  :           2323269660                    0 bps
   Output bytes  :                  672                    0 bps
   Input  packets:              5602894                    0 pps
   Output packets:                   14                    0 pps
  Input errors:
    Errors: 1, Drops: 0, Framing errors: 1, Runts: 0, Policed discards: 0, L3 incompletes: 0, L2 channel errors: 0, L2 mismatch timeouts: 0, FIFO errors: 0, Resource errors: 0
  Output errors:
    Carrier transitions: 9, Errors: 0, Drops: 0, Collisions: 0, Aged packets: 0, FIFO errors: 0, HS link CRC errors: 0, MTU errors: 0, Resource errors: 0
  Egress queues: 8 supported, 4 in use
  Queue counters:       Queued packets  Transmitted packets      Dropped packets
    0 best-effort                   14                   14                    0
    1 expedited-fo                   0                    0                    0
    2 assured-forw                   0                    0                    0
    3 network-cont                   0                    0                    0
  Active alarms  : None
  Active defects : None
  MAC statistics:                      Receive         Transmit
    Total octets                    2762392013              956
    Total packets                      7367474               14
    Unicast packets                    7367432                6
    Broadcast packets                       18                8
    Multicast packets                       24                0
    CRC/Align errors                         1                0
    FIFO errors                           1982                0
    MAC control frames                       0                0
    MAC pause frames                         0                0
    Oversized frames                         0
    Jabber frames                            0
    Fragment frames                          0
    VLAN tagged frames                       0
    Code violations                          0
  Filter statistics:
    Input packet count                 7367474
    Input packet rejects               1764580
    Input DA rejects                   1764580
    Input SA rejects                         0
    Output packet count                                       0
    Output packet pad count                                   0
    Output packet error count                                 0
    CAM destination filters: 2, CAM source filters: 0
  Autonegotiation information:
    Negotiation status: No-autonegotiation
    Link partner:
        Link mode: Unknown, Flow control: None, Remote fault: OK, Link partner Speed: 10 Mbps
    Local resolution:
        Flow control: None, Remote fault: Link OK
  Packet Forwarding Engine configuration:
    Destination slot: 0
    Direction : Output
    CoS transmit queue               Bandwidth               Buffer Priority   Limit
                              %            bps     %           usec
    0 best-effort            95      950000000    95              0      low    none
    3 network-control         5       50000000     5              0      low    none

  Logical interface ge-0/0/2.0 (Index 73) (SNMP ifIndex 120) (Generation 138)
    Flags: SNMP-Traps Encapsulation: ENET2
    Traffic statistics:
     Input  bytes  :           2323269660
     Output bytes  :                  672
     Input  packets:              5602894
     Output packets:                   14
    Local statistics:
     Input  bytes  :                 1440
     Output bytes  :                  336
     Input  packets:                   24
     Output packets:                    8
    Transit statistics:
     Input  bytes  :           2323268220                    0 bps
     Output bytes  :                  336                    0 bps
     Input  packets:              5602870                    0 pps
     Output packets:                    6                    0 pps
    Protocol inet, MTU: 1500, Generation: 147, Route table: 0
      Flags: Is-Primary
      Addresses, Flags: Is-Default Is-Preferred Is-Primary
        Destination: 1.1.1/24, Local: 1.1.1.3, Broadcast: 1.1.1.255, Generation: 172

Physical interface: ge-0/0/3, Enabled, Physical link is Up
  Interface index: 132, SNMP ifIndex: 122, Generation: 133
  Link-level type: Ethernet, MTU: 1514, Speed: 10m, MAC-REWRITE Error: None, Loopback: Disabled, Source filtering: Disabled, Flow control: Enabled, Auto-negotiation: Enabled, Remote fault: Online
  Device flags   : Present Running
  Interface flags: SNMP-Traps Internal: 0x4000
  Link flags     : None
  CoS queues     : 8 supported, 8 maximum usable queues
  Hold-times     : Up 0 ms, Down 0 ms
  Current address: 00:17:cb:42:6e:03, Hardware address: 00:17:cb:42:6e:03
  Last flapped   : 2009-02-13 12:51:06 UTC (01:12:33 ago)
  Statistics last cleared: Never
  Traffic statistics:
   Input  bytes  :               677553                 1136 bps
   Output bytes  :           1904679744                  896 bps
   Input  packets:                12783                    3 pps
   Output packets:              3387158                    1 pps
  Input errors:
    Errors: 1970, Drops: 0, Framing errors: 1970, Runts: 0, Policed discards: 0, L3 incompletes: 0, L2 channel errors: 3, L2 mismatch timeouts: 0, FIFO errors: 0, Resource errors: 0
  Output errors:
    Carrier transitions: 5, Errors: 0, Drops: 0, Collisions: 0, Aged packets: 0, FIFO errors: 0, HS link CRC errors: 0, MTU errors: 0, Resource errors: 0
  Egress queues: 8 supported, 4 in use
  Queue counters:       Queued packets  Transmitted packets      Dropped packets
    0 best-effort              3392327              3387129                 5198
    1 expedited-fo                   0                    0                    0
    2 assured-forw                   0                    0                    0
    3 network-cont                   0                    0                    0
  Active alarms  : None
  Active defects : None
  MAC statistics:                      Receive         Transmit
    Total octets                    1093776303       1967432464
    Total packets                      3492815          3387078
    Unicast packets                    3371441          3385896
    Broadcast packets                     3761              655
    Multicast packets                   117613              527
    CRC/Align errors                      1970                0
    FIFO errors                              0                0
    MAC control frames                       0                0
    MAC pause frames                         0                0
    Oversized frames                         0
    Jabber frames                            0
    Fragment frames                       1964
    VLAN tagged frames                       0
    Code violations                          0
  Filter statistics:
    Input packet count                 3492815
    Input packet rejects               3480044
    Input DA rejects                   3480044
    Input SA rejects                         0
    Output packet count                                       0
    Output packet pad count                                   0
    Output packet error count                                 0
    CAM destination filters: 2, CAM source filters: 0
  Autonegotiation information:
    Negotiation status: No-autonegotiation
    Link partner:
        Link mode: Unknown, Flow control: None, Remote fault: OK, Link partner Speed: 10 Mbps
    Local resolution:
        Flow control: None, Remote fault: Link OK
  Packet Forwarding Engine configuration:
    Destination slot: 0
    Direction : Output
    CoS transmit queue               Bandwidth               Buffer Priority   Limit
                              %            bps     %           usec
    0 best-effort            95      950000000    95              0      low    none
    3 network-control         5       50000000     5              0      low    none

  Logical interface ge-0/0/3.0 (Index 74) (SNMP ifIndex 123) (Generation 158)
    Flags: SNMP-Traps Encapsulation: ENET2
    Traffic statistics:
     Input  bytes  :              1100886
     Output bytes  :           1720872998
     Input  packets:                 9576
     Output packets:              2641706
    Local statistics:
     Input  bytes  :               558875
     Output bytes  :              3786308
     Input  packets:                 9549
     Output packets:                 6401
    Transit statistics:
     Input  bytes  :               542011                 1136 bps
     Output bytes  :           1717086690                    0 bps
     Input  packets:                   27                    0 pps
     Output packets:              2635305                    0 pps
    Protocol inet, MTU: 1500, Generation: 166, Route table: 0
      Flags: None
      Addresses, Flags: Is-Preferred Is-Primary
        Destination: 10.10.4/24, Local: 10.10.4.131, Broadcast: 10.10.4.255, Generation: 174

Physical interface: br-1/0/0, Enabled, Physical link is Down
  Interface index: 141, SNMP ifIndex: 134, Generation: 142
  Type: BRI, Link-level type: Controller, MTU: 4092, Clocking: 1, Speed: 128kbps, Parent: None
  Device flags   : Present Running Down
  Interface flags: Hardware-Down Point-To-Point SNMP-Traps Internal: 0x4000
  Link type      : Full-Duplex
  Link flags     : None
  Physical info  : S/T
  Hold-times     : Up 0 ms, Down 0 ms
  Last flapped   : 2009-02-09 12:47:16 UTC (4d 01:16 ago)
  Statistics last cleared: Never
  Traffic statistics:
   Input  bytes  :                    0                    0 bps
   Output bytes  :                    0                    0 bps
   Input  packets:                    0                    0 pps
   Output packets:                    0                    0 pps
  Input errors:
    Errors: 0, Drops: 0, Framing errors: 0, Runts: 0, Giants: 0, Policed discards: 0, Resource errors: 0
  Output errors:
    Carrier transitions: 0, Errors: 0, Drops: 0, MTU errors: 0, Resource errors: 0

Physical interface: br-1/0/1, Enabled, Physical link is Down
  Interface index: 142, SNMP ifIndex: 135, Generation: 143
  Type: BRI, Link-level type: Controller, MTU: 4092, Clocking: 1, Speed: 128kbps, Parent: None
  Device flags   : Present Running Down
  Interface flags: Hardware-Down Point-To-Point SNMP-Traps Internal: 0x4000
  Link type      : Full-Duplex
  Link flags     : None
  Physical info  : S/T
  Hold-times     : Up 0 ms, Down 0 ms
  Last flapped   : 2009-02-09 12:47:16 UTC (4d 01:16 ago)
  Statistics last cleared: Never
  Traffic statistics:
   Input  bytes  :                    0                    0 bps
   Output bytes  :                    0                    0 bps
   Input  packets:                    0                    0 pps
   Output packets:                    0                    0 pps
  Input errors:
    Errors: 0, Drops: 0, Framing errors: 0, Runts: 0, Giants: 0, Policed discards: 0, Resource errors: 0
  Output errors:
    Carrier transitions: 0, Errors: 0, Drops: 0, MTU errors: 0, Resource errors: 0

Physical interface: br-1/0/2, Enabled, Physical link is Down
  Interface index: 143, SNMP ifIndex: 136, Generation: 144
  Type: BRI, Link-level type: Controller, MTU: 4092, Clocking: 1, Speed: 128kbps, Parent: None
  Device flags   : Present Running Down
  Interface flags: Hardware-Down Point-To-Point SNMP-Traps Internal: 0x4000
  Link type      : Full-Duplex
  Link flags     : None
  Physical info  : S/T
  Hold-times     : Up 0 ms, Down 0 ms
  Last flapped   : 2009-02-09 12:47:16 UTC (4d 01:16 ago)
  Statistics last cleared: Never
  Traffic statistics:
   Input  bytes  :                    0                    0 bps
   Output bytes  :                    0                    0 bps
   Input  packets:                    0                    0 pps
   Output packets:                    0                    0 pps
  Input errors:
    Errors: 0, Drops: 0, Framing errors: 0, Runts: 0, Giants: 0, Policed discards: 0, Resource errors: 0
  Output errors:
    Carrier transitions: 0, Errors: 0, Drops: 0, MTU errors: 0, Resource errors: 0

Physical interface: br-1/0/3, Enabled, Physical link is Down
  Interface index: 144, SNMP ifIndex: 137, Generation: 145
  Type: BRI, Link-level type: Controller, MTU: 4092, Clocking: 1, Speed: 128kbps, Parent: None
  Device flags   : Present Running Down
  Interface flags: Hardware-Down Point-To-Point SNMP-Traps Internal: 0x4000
  Link type      : Full-Duplex
  Link flags     : None
  Physical info  : S/T
  Hold-times     : Up 0 ms, Down 0 ms
  Last flapped   : 2009-02-09 12:47:16 UTC (4d 01:16 ago)
  Statistics last cleared: Never
  Traffic statistics:
   Input  bytes  :                    0                    0 bps
   Output bytes  :                    0                    0 bps
   Input  packets:                    0                    0 pps
   Output packets:                    0                    0 pps
  Input errors:
    Errors: 0, Drops: 0, Framing errors: 0, Runts: 0, Giants: 0, Policed discards: 0, Resource errors: 0
  Output errors:
    Carrier transitions: 0, Errors: 0, Drops: 0, MTU errors: 0, Resource errors: 0

Physical interface: at-5/0/0, Enabled, Physical link is Down
  Interface index: 145, SNMP ifIndex: 138, Generation: 146
  Link-level type: ATM-PVC, MTU: 4482, Clocking: Internal, ADSL mode, Speed: ADSL, Loopback: None
  Device flags   : Present Running Down
  Link flags     : None
  CoS queues     : 8 supported, 8 maximum usable queues
  Hold-times     : Up 0 ms, Down 0 ms
  Current address: 00:17:cb:42:6e:5a
  Last flapped   : 2009-02-09 12:47:28 UTC (4d 01:16 ago)
  Statistics last cleared: Never
  Traffic statistics:
   Input  bytes  :                    0                    0 bps
   Output bytes  :                    0                    0 bps
   Input  packets:                    0                    0 pps
   Output packets:                    0                    0 pps
  Input errors:
    Errors: 0, Drops: 0, Invalid VCs: 0, Framing errors: 0, Policed discards: 0, L3 incompletes: 0, L2 channel errors: 0, L2 mismatch timeouts: 0, Resource errors: 0
  Output errors:
    Carrier transitions: 0, Errors: 0, Drops: 0, Aged packets: 0, MTU errors: 0, Resource errors: 0
  ADSL  alarms   : None
  ADSL  defects  : None
  ADSL media:            Seconds        Count  State
    LOF                       0            0  OK
    LOS                       0            0  OK
    LOM                       0            0  OK
    LOP                       0            0  OK
    LOCDI                     0            0  OK
    LOCDNI                    0            0  OK
  ADSL status:
    Modem status  : Training
    DSL mode      :     Auto    Annex A
    Last fail code: ATU-C not detected
    Subfunction   : 0x00
    Seconds in showtime : 0
  ADSL Statistics:                        ATU-R                  ATU-C
    Attenuation (dB)         :              0.0                    0.0
    Capacity used (%)        :                0                      0
    Noise margin (dB)        :              0.0                    0.0
    Output power (dBm)       :              0.0                    0.0

                                  Interleave       Fast  Interleave       Fast
    Bit rate (kbps)   :                    0          0           0          0
    CRC               :                    0          0           0          0
    FEC               :                    0          0           0          0
    HEC               :                    0          0           0          0
    Received cells    :                    0          0
    Transmitted cells :                    0          0
  ATM status:
    HCS state:     Hunt
    LOC      :       OK
  ATM Statistics:
    Uncorrectable HCS errors: 0, Correctable HCS errors: 0, Tx cell FIFO overruns: 0, Rx cell FIFO overruns: 0, Rx cell FIFO underruns: 0, Input cell count: 0, Output cell count: 0, Output idle cell count: 0, Output VC queue drops: 0, Input no buffers: 0, Input length errors: 0, Input timeouts: 0, Input invalid VCs: 0, Input bad CRCs: 0, Input OAM cell no buffers: 0
  Packet Forwarding Engine configuration:
    Destination slot: 5
    Direction : Output
    CoS transmit queue               Bandwidth               Buffer Priority   Limit
                              %            bps     %           usec
    0 best-effort            95        7600000    95              0      low    none
    3 network-control         5         400000     5              0      low    none

Physical interface: .local., Enabled, Physical link is Up
  Interface index: 0, SNMP ifIndex: 0, Generation: 1
  Type: Loopback, Link-level type: Interface-Specific, MTU: Unlimited, Clocking: Unspecified, Speed: Unlimited
  Device flags   : Present Running Loopback
  Interface flags: Point-To-Point
  Link type      : Unspecified
  Link flags     : None
  Physical info  : Unspecified
  Hold-times     : Up 0 ms, Down 0 ms
  Current address: Unspecified, Hardware address: Unspecified
  Alternate link address: Unspecified
  Last flapped   : Never
  Statistics last cleared: Never
  Traffic statistics:
   Input  bytes  :                    0
   Output bytes  :                    0
   Input  packets:                    0
   Output packets:                    0
  Input errors:
    Errors: 0, Drops: 0, Framing errors: 0, Runts: 0, Giants: 0, Policed discards: 0, Resource errors: 0
  Output errors:
    Carrier transitions: 0, Errors: 0, Drops: 0, MTU errors: 0, Resource errors: 0

  Logical interface .local..0 (Index 0) (SNMP ifIndex 0) (Generation 1)
    Flags: Point-To-Point Encapsulation: Unspecified
    Bandwidth: 0
    Protocol inet, MTU: Unlimited, Generation: 131, Route table: 0
      Flags: None
      Addresses, Flags: Is-Primary
        Destination: Unspecified, Local: 1.1.1.3, Broadcast: Unspecified, Generation: 171
      Addresses, Flags: None
        Destination: Unspecified, Local: 10.10.4.131, Broadcast: Unspecified, Generation: 173
    Protocol iso, MTU: Unlimited, Generation: 134, Route table: 0
      Flags: None
    Protocol inet6, MTU: Unlimited, Generation: 129, Route table: 0
      Flags: None
    Protocol mpls, MTU: Unlimited, Generation: 135, Route table: 0
      Flags: None

  Logical interface .local..1 (Index 1) (SNMP ifIndex 0) (Generation 2)
    Flags: Point-To-Point Encapsulation: Unspecified
    Bandwidth: 0
    Protocol inet, MTU: Unlimited, Generation: 132, Route table: 1
      Flags: None
      Addresses, Flags: Is-Primary
        Destination: Unspecified, Local: 10.0.0.1, Broadcast: Unspecified, Generation: 129
      Addresses, Flags: None
        Destination: Unspecified, Local: 10.0.0.16, Broadcast: Unspecified, Generation: 131
      Addresses, Flags: None
        Destination: Unspecified, Local: 128.0.0.1, Broadcast: Unspecified, Generation: 133
      Addresses, Flags: None
        Destination: Unspecified, Local: 128.0.1.16, Broadcast: Unspecified, Generation: 135
    Protocol inet6, MTU: Unlimited, Generation: 130, Route table: 1
      Flags: None

  Logical interface .local..2 (Index 2) (SNMP ifIndex 0) (Generation 2)
    Flags: Point-To-Point Encapsulation: Unspecified
    Bandwidth: 0
    Protocol inet, MTU: Unlimited, Generation: 133, Route table: 2
      Flags: None

  Logical interface .local..3 (Index 66) (SNMP ifIndex 0) (Generation 155)
    Flags: Point-To-Point Encapsulation: Unspecified
    Bandwidth: 0
    Protocol inet, MTU: Unlimited, Generation: 160, Route table: 3
      Flags: None
      Addresses, Flags: Is-Primary
        Destination: Unspecified, Local: 10.16.16.251, Broadcast: Unspecified, Generation: 175
      Addresses, Flags: None
        Destination: Unspecified, Local: 192.168.12.2, Broadcast: Unspecified, Generation: 177
    Protocol iso, MTU: Unlimited, Generation: 162, Route table: 3
      Flags: None
    Protocol inet6, MTU: Unlimited, Generation: 164, Route table: 3
      Flags: None

  Logical interface .local..4 (Index 67) (SNMP ifIndex 0) (Generation 156)
    Flags: Point-To-Point Encapsulation: Unspecified
    Bandwidth: 0
